2026-09-24 10:04:41.331 EAT [12324] LOG:  starting PostgreSQL 18.6 on x86_64-windows, compiled by msvc-19.44.35228, 64-bit
2026-09-24 10:04:41.346 EAT [12324] LOG:  listening on IPv6 address "::1", port 5433
2026-09-24 10:04:41.346 EAT [12324] LOG:  listening on IPv4 address "127.0.0.1", port 5433
2026-09-24 10:04:41.736 EAT [12524] LOG:  database system was shut down at 2026-09-24 10:04:25 EAT
2026-09-24 10:04:41.761 EAT [12324] LOG:  database system is ready to accept connections
2026-09-24 10:09:41.732 EAT [8560] LOG:  checkpoint starting: time
2026-09-24 10:11:34.192 EAT [8560] LOG:  checkpoint complete: wrote 1009 buffers (6.2%), wrote 3 SLRU buffers; 1 WAL file(s) added, 0 removed, 0 recycled; write=110.455 s, sync=1.621 s, total=112.461 s; sync files=327, longest=0.020 s, average=0.005 s; distance=4785 kB, estimate=4785 kB; lsn=0/1C94F58, redo lsn=0/1C94EC8
2026-09-24 10:13:14.065 EAT [13384] LOG:  could not receive data from client: An existing connection was forcibly closed by the remote host.
	
2026-09-24 10:24:41.333 EAT [8560] LOG:  checkpoint starting: time
2026-09-24 10:24:42.686 EAT [8560] LOG:  checkpoint complete: wrote 11 buffers (0.1%), wrote 1 SLRU buffers; 0 WAL file(s) added, 0 removed, 0 recycled; write=1.253 s, sync=0.056 s, total=1.355 s; sync files=12, longest=0.007 s, average=0.005 s; distance=28 kB, estimate=4310 kB; lsn=0/1C9C190, redo lsn=0/1C9C138
2026-09-24 10:29:41.705 EAT [8560] LOG:  checkpoint starting: time
2026-09-24 10:29:41.876 EAT [8560] LOG:  checkpoint complete: wrote 1 buffers (0.0%), wrote 1 SLRU buffers; 0 WAL file(s) added, 0 removed, 0 recycled; write=0.115 s, sync=0.014 s, total=0.172 s; sync files=2, longest=0.008 s, average=0.007 s; distance=5 kB, estimate=3879 kB; lsn=0/1C9D708, redo lsn=0/1C9D6B0
2026-09-24 10:34:41.904 EAT [8560] LOG:  checkpoint starting: time
2026-09-24 10:34:44.498 EAT [8560] LOG:  checkpoint complete: wrote 22 buffers (0.1%), wrote 1 SLRU buffers; 0 WAL file(s) added, 0 removed, 0 recycled; write=2.426 s, sync=0.092 s, total=2.596 s; sync files=15, longest=0.010 s, average=0.007 s; distance=121 kB, estimate=3503 kB; lsn=0/1CBBBB0, redo lsn=0/1CBBB58
2026-09-24 10:39:41.508 EAT [8560] LOG:  checkpoint starting: time
2026-09-24 10:39:48.950 EAT [8560] LOG:  checkpoint complete: wrote 20 buffers (0.1%), wrote 1 SLRU buffers; 0 WAL file(s) added, 0 removed, 0 recycled; write=2.182 s, sync=0.131 s, total=7.443 s; sync files=18, longest=0.017 s, average=0.008 s; distance=47 kB, estimate=3158 kB; lsn=0/1CC95C0, redo lsn=0/1CC7A78
2026-09-24 10:44:41.957 EAT [8560] LOG:  checkpoint starting: time
2026-09-24 10:44:43.936 EAT [8560] LOG:  checkpoint complete: wrote 16 buffers (0.1%), wrote 1 SLRU buffers; 0 WAL file(s) added, 0 removed, 0 recycled; write=1.746 s, sync=0.137 s, total=1.978 s; sync files=7, longest=0.030 s, average=0.020 s; distance=159 kB, estimate=2858 kB; lsn=0/1CEF908, redo lsn=0/1CEF8B0
2026-09-24 10:49:14.136 EAT [432] LOG:  could not receive data from client: An existing connection was forcibly closed by the remote host.
	
2026-09-24 10:49:41.949 EAT [8560] LOG:  checkpoint starting: time
2026-09-24 10:49:43.983 EAT [8560] LOG:  checkpoint complete: wrote 16 buffers (0.1%), wrote 1 SLRU buffers; 0 WAL file(s) added, 0 removed, 0 recycled; write=1.817 s, sync=0.156 s, total=2.035 s; sync files=16, longest=0.023 s, average=0.010 s; distance=51 kB, estimate=2577 kB; lsn=0/1CFC620, redo lsn=0/1CFC590
2026-09-24 10:54:41.990 EAT [8560] LOG:  checkpoint starting: time
2026-09-24 10:54:43.066 EAT [8560] LOG:  checkpoint complete: wrote 8 buffers (0.0%), wrote 1 SLRU buffers; 0 WAL file(s) added, 0 removed, 0 recycled; write=0.905 s, sync=0.078 s, total=1.076 s; sync files=8, longest=0.015 s, average=0.010 s; distance=53 kB, estimate=2325 kB; lsn=0/1D09D20, redo lsn=0/1D09CC8
2026-09-24 10:59:41.080 EAT [8560] LOG:  checkpoint starting: time
2026-09-24 10:59:41.623 EAT [8560] LOG:  checkpoint complete: wrote 4 buffers (0.0%), wrote 1 SLRU buffers; 0 WAL file(s) added, 0 removed, 0 recycled; write=0.465 s, sync=0.031 s, total=0.543 s; sync files=4, longest=0.012 s, average=0.008 s; distance=30 kB, estimate=2095 kB; lsn=0/1D116F8, redo lsn=0/1D116A0
2026-09-24 11:04:41.636 EAT [8560] LOG:  checkpoint starting: time
2026-09-24 11:04:41.797 EAT [8560] LOG:  checkpoint complete: wrote 1 buffers (0.0%), wrote 1 SLRU buffers; 0 WAL file(s) added, 0 removed, 0 recycled; write=0.118 s, sync=0.010 s, total=0.162 s; sync files=2, longest=0.006 s, average=0.005 s; distance=7 kB, estimate=1887 kB; lsn=0/1D13638, redo lsn=0/1D135E0
2026-09-24 11:09:41.807 EAT [8560] LOG:  checkpoint starting: time
2026-09-24 11:09:41.975 EAT [8560] LOG:  checkpoint complete: wrote 1 buffers (0.0%), wrote 1 SLRU buffers; 0 WAL file(s) added, 0 removed, 0 recycled; write=0.108 s, sync=0.011 s, total=0.169 s; sync files=2, longest=0.006 s, average=0.006 s; distance=10 kB, estimate=1699 kB; lsn=0/1D15EA8, redo lsn=0/1D15E50
2026-09-24 11:14:41.991 EAT [8560] LOG:  checkpoint starting: time
2026-09-24 11:14:42.242 EAT [8560] LOG:  checkpoint complete: wrote 1 buffers (0.0%), wrote 1 SLRU buffers; 0 WAL file(s) added, 0 removed, 0 recycled; write=0.127 s, sync=0.027 s, total=0.255 s; sync files=2, longest=0.020 s, average=0.014 s; distance=5 kB, estimate=1529 kB; lsn=0/1D172F0, redo lsn=0/1D17298
2026-09-24 11:19:41.256 EAT [8560] LOG:  checkpoint starting: time
2026-09-24 11:19:41.478 EAT [8560] LOG:  checkpoint complete: wrote 1 buffers (0.0%), wrote 1 SLRU buffers; 0 WAL file(s) added, 0 removed, 0 recycled; write=0.123 s, sync=0.025 s, total=0.222 s; sync files=2, longest=0.015 s, average=0.013 s; distance=4 kB, estimate=1377 kB; lsn=0/1D18608, redo lsn=0/1D185B0
2026-09-24 11:24:41.475 EAT [8560] LOG:  checkpoint starting: time
2026-09-24 11:24:41.629 EAT [8560] LOG:  checkpoint complete: wrote 1 buffers (0.0%), wrote 1 SLRU buffers; 0 WAL file(s) added, 0 removed, 0 recycled; write=0.120 s, sync=0.004 s, total=0.154 s; sync files=2, longest=0.003 s, average=0.002 s; distance=6 kB, estimate=1240 kB; lsn=0/1D1A020, redo lsn=0/1D19FB0
2026-09-24 11:29:41.630 EAT [8560] LOG:  checkpoint starting: time
2026-09-24 11:29:41.991 EAT [8560] LOG:  checkpoint complete: wrote 3 buffers (0.0%), wrote 1 SLRU buffers; 0 WAL file(s) added, 0 removed, 0 recycled; write=0.313 s, sync=0.017 s, total=0.362 s; sync files=3, longest=0.007 s, average=0.006 s; distance=24 kB, estimate=1118 kB; lsn=0/1D200D0, redo lsn=0/1D20078
2026-09-24 11:34:42.016 EAT [8560] LOG:  checkpoint starting: time
2026-09-24 11:34:42.807 EAT [8560] LOG:  checkpoint complete: wrote 6 buffers (0.0%), wrote 1 SLRU buffers; 0 WAL file(s) added, 0 removed, 0 recycled; write=0.678 s, sync=0.028 s, total=0.792 s; sync files=5, longest=0.009 s, average=0.006 s; distance=49 kB, estimate=1011 kB; lsn=0/1D2C640, redo lsn=0/1D2C5E8
2026-09-24 11:39:42.820 EAT [8560] LOG:  checkpoint starting: time
2026-09-24 11:39:43.368 EAT [8560] LOG:  checkpoint complete: wrote 4 buffers (0.0%), wrote 1 SLRU buffers; 0 WAL file(s) added, 0 removed, 0 recycled; write=0.442 s, sync=0.042 s, total=0.549 s; sync files=4, longest=0.019 s, average=0.011 s; distance=26 kB, estimate=913 kB; lsn=0/1D330F0, redo lsn=0/1D33098
2026-09-24 11:43:47.823 EAT [12324] LOG:  client backend (PID 9832) was terminated by exception 0xC000013A
2026-09-24 11:43:47.823 EAT [12324] DETAIL:  Failed process was running: SELECT * FROM games WHERE status IN ('waiting','running') ORDER BY id DESC LIMIT 1
2026-09-24 11:43:47.823 EAT [12324] HINT:  See C include file "ntstatus.h" for a description of the hexadecimal value.
2026-09-24 11:43:47.825 EAT [12324] LOG:  terminating any other active server processes
2026-09-24 11:43:48.299 EAT [12324] LOG:  all server processes terminated; reinitializing
^C